// Jest Snapshot v1, https://goo.gl/fbAQLP

exports[`SEARCHMODAL SNAPSHOTS TESTS SearchModal should not be changed 1`] = `
<div
  class="container"
  data-testid="searchModal"
>
  <div
    class="container__header"
  >
    <h2
      class="container__title"
    >
      searchModal.search
    </h2>
    <div
      class="container__inputWrapper"
    >
      <div
        class="container container_search "
      >
        <div
          class="container__placeholder"
        >
          searchModal.moviesSearch
        </div>
        <input
          class="container__input"
          type="string"
          value=""
        />
        <img
          alt="search"
          class="container__icon"
          data-nimg="1"
          decoding="async"
          height="40"
          loading="lazy"
          src="/_next/image?url=%2Fimg.jpg&w=96&q=75"
          srcset="/_next/image?url=%2Fimg.jpg&w=48&q=75 1x, /_next/image?url=%2Fimg.jpg&w=96&q=75 2x"
          style="color: transparent;"
          width="40"
        />
      </div>
    </div>
  </div>
  <div
    class="container__content"
  />
</div>
`;
