// Jest Snapshot v1, https://goo.gl/fbAQLP

exports[`PREVIEWPOSTER SNAPSHOTS TESTS PreviewPoster should not be changed 1`] = `
<a
  class="container previewItem"
  href="/movies/535341"
>
  <div
    class="container__block container__block_image"
  >
    <div
      class="container__imageWrapper"
    >
      <img
        alt="1+1"
        class="container__image"
        data-nimg="fill"
        decoding="async"
        loading="lazy"
        sizes="100vw"
        src="/_next/image?url=https%3A%2F%2Fst.kp.yandex.net%2Fimages%2Ffilm_iphone%2Fiphone360_535341.jpg&w=3840&q=75"
        srcset="/_next/image?url=https%3A%2F%2Fst.kp.yandex.net%2Fimages%2Ffilm_iphone%2Fiphone360_535341.jpg&w=640&q=75 640w, /_next/image?url=https%3A%2F%2Fst.kp.yandex.net%2Fimages%2Ffilm_iphone%2Fiphone360_535341.jpg&w=750&q=75 750w, /_next/image?url=https%3A%2F%2Fst.kp.yandex.net%2Fimages%2Ffilm_iphone%2Fiphone360_535341.jpg&w=828&q=75 828w, /_next/image?url=https%3A%2F%2Fst.kp.yandex.net%2Fimages%2Ffilm_iphone%2Fiphone360_535341.jpg&w=1080&q=75 1080w, /_next/image?url=https%3A%2F%2Fst.kp.yandex.net%2Fimages%2Ffilm_iphone%2Fiphone360_535341.jpg&w=1200&q=75 1200w, /_next/image?url=https%3A%2F%2Fst.kp.yandex.net%2Fimages%2Ffilm_iphone%2Fiphone360_535341.jpg&w=1920&q=75 1920w, /_next/image?url=https%3A%2F%2Fst.kp.yandex.net%2Fimages%2Ffilm_iphone%2Fiphone360_535341.jpg&w=2048&q=75 2048w, /_next/image?url=https%3A%2F%2Fst.kp.yandex.net%2Fimages%2Ffilm_iphone%2Fiphone360_535341.jpg&w=3840&q=75 3840w"
        style="position: absolute; height: 100%; width: 100%; left: 0px; top: 0px; right: 0px; bottom: 0px; color: transparent;"
      />
    </div>
    <div
      class="container"
    >
      <div
        class="container__icons"
      >
        <img
          alt="icon"
          class="container__icon container__icon_favorite"
          data-nimg="1"
          decoding="async"
          height="40"
          loading="lazy"
          src="/_next/image?url=%2Fimg.jpg&w=96&q=75"
          srcset="/_next/image?url=%2Fimg.jpg&w=48&q=75 1x, /_next/image?url=%2Fimg.jpg&w=96&q=75 2x"
          style="color: transparent;"
          width="40"
        />
        <img
          alt="icon"
          class="container__icon container__icon_similar"
          data-nimg="1"
          decoding="async"
          height="40"
          loading="lazy"
          src="/_next/image?url=%2Fimg.jpg&w=96&q=75"
          srcset="/_next/image?url=%2Fimg.jpg&w=48&q=75 1x, /_next/image?url=%2Fimg.jpg&w=96&q=75 2x"
          style="color: transparent;"
          width="40"
        />
        <img
          alt="icon"
          class="container__icon container__icon_rate"
          data-nimg="1"
          decoding="async"
          height="40"
          loading="lazy"
          src="/_next/image?url=%2Fimg.jpg&w=96&q=75"
          srcset="/_next/image?url=%2Fimg.jpg&w=48&q=75 1x, /_next/image?url=%2Fimg.jpg&w=96&q=75 2x"
          style="color: transparent;"
          width="40"
        />
        <img
          alt="icon"
          class="container__icon container__icon_dislike"
          data-nimg="1"
          decoding="async"
          height="40"
          loading="lazy"
          src="/_next/image?url=%2Fimg.jpg&w=96&q=75"
          srcset="/_next/image?url=%2Fimg.jpg&w=48&q=75 1x, /_next/image?url=%2Fimg.jpg&w=96&q=75 2x"
          style="color: transparent;"
          width="40"
        />
      </div>
      <div
        class="container container__info"
      >
        <div
          class="container__rating"
        >
          <span
            class="container__rating container__rating_integer"
          >
            8
          </span>
          <span
            class="container__rating container__rating_fraction"
          >
            .8
          </span>
        </div>
        <div
          class="container__text"
        >
          <p>
            2011
            , 
            France
            ,
             
            Drama
          </p>
          <p>
            112 minutes.2
          </p>
        </div>
      </div>
    </div>
    <div
      class="badge container__badge"
    >
      16
      +
    </div>
  </div>
  <div
    class="container__block container__block_text"
  >
    <p
      class="container__title"
    >
      1+1
    </p>
  </div>
</a>
`;
