// Jest Snapshot v1, https://goo.gl/fbAQLP

exports[`MOVIEPARAMS SNAPSHOTS TESTS MovieParams should not be changed 1`] = `
<div
  class="container"
  data-testid="params"
>
  <div
    class="container__list"
  >
    <a
      class="container container_bright"
      href="/collections/2011"
    >
      2011
    </a>
    <span
      class="container__listItem"
    >
      1 textTime.0 52 textTime.1
    </span>
    <span
      class="container__listItem"
    >
      16
      +
    </span>
  </div>
  <div
    class="container__list"
  >
    <a
      class="container container_bright container__listItem container__listItem_point"
      href="/collections/France"
    >
      France
    </a>
    <a
      class="container container_bright container__listItem container__listItem_point"
      href="/collections/drama"
    >
      Drama
    </a>
    <a
      class="container container_bright container__listItem container__listItem_point"
      href="/collections/comedy"
    >
      Comedy
    </a>
    <a
      class="container container_bright container__listItem container__listItem_point"
      href="/collections/biography"
    >
      Biography
    </a>
  </div>
  <div
    class="container__list"
  >
    <div
      class="badge"
      data-testid="textBadge"
    >
      FullHD
    </div>
    <img
      alt="soundIcon"
      class="container__listIcon container__listIcon_sound"
      data-nimg="1"
      decoding="async"
      height="40"
      loading="lazy"
      src="/_next/image?url=%2Fimg.jpg&w=96&q=75"
      srcset="/_next/image?url=%2Fimg.jpg&w=48&q=75 1x, /_next/image?url=%2Fimg.jpg&w=96&q=75 2x"
      style="color: transparent;"
      width="40"
    />
    <div
      class="container__listItem"
    >
      <div
        class="container__listItem container__listItem_point"
      >
        Рус
      </div>
      <div
        class="container__listItem container__listItem_point"
      >
        Eng
      </div>
    </div>
    <img
      alt="subtitlesIcon"
      class="container__listIcon"
      data-nimg="1"
      decoding="async"
      height="40"
      loading="lazy"
      src="/_next/image?url=%2Fimg.jpg&w=96&q=75"
      srcset="/_next/image?url=%2Fimg.jpg&w=48&q=75 1x, /_next/image?url=%2Fimg.jpg&w=96&q=75 2x"
      style="color: transparent;"
      width="40"
    />
    <div
      class="container__listItem"
    >
      <div
        class="container__listItem container__listItem_point"
      >
        Рус
      </div>
    </div>
  </div>
</div>
`;
