// Jest Snapshot v1, https://goo.gl/fbAQLP

exports[`SpoilerUI TESTS ellipsed SpoilerUI should not be changed 1`] = `
<div
  class="jsx-105399983 clause"
  role="spoiler-wrapper"
>
  <div
    class="jsx-105399983 clause__text text_isHidden"
    data-testid="clipped-text"
    id="text-wrapper"
  >
    <div
      class="jsx-105399983 clause__textInner clamped"
    >
      <p>
        Каждый день миллионы людей ищут фильмы онлайн, и никто не хочет усложнять себе жизнь – и вы наверняка один из них! А раз так, то Иви – это именно тот ресурс, который вам нужен. От лучших кинолент в HD-качестве вас отделяет буквально один клик. Мы не просто освобождаем от необходимости идти в кинотеатр или изучать программу телепередач – у посетителей нашего ресурса гораздо больше возможностей.
      </p>
    </div>
    <span
      class="jsx-105399983 clause__spoilerButton clause__spoilerButton_colorBright"
    >
      Развернуть
    </span>
  </div>
</div>
`;
