// Jest Snapshot v1, https://goo.gl/fbAQLP

exports[`SQUARECARD SNAPSHOTS TESTS active SquareCard should not be changed 1`] = `
<a
  class="link "
  href="/"
>
  <div
    class="link__content"
  >
    <div
      class="link__contentBlock"
    >
      <div
        class="link__contentImg"
      >
        <img
          alt="fff"
          data-nimg="fill"
          decoding="async"
          loading="lazy"
          sizes="100vw"
          src="/_next/image?url=%2F..%2F..%2F..%2FtestAsserts%2Fimg%2FBG554460.jpg&w=3840&q=75"
          srcset="/_next/image?url=%2F..%2F..%2F..%2FtestAsserts%2Fimg%2FBG554460.jpg&w=640&q=75 640w, /_next/image?url=%2F..%2F..%2F..%2FtestAsserts%2Fimg%2FBG554460.jpg&w=750&q=75 750w, /_next/image?url=%2F..%2F..%2F..%2FtestAsserts%2Fimg%2FBG554460.jpg&w=828&q=75 828w, /_next/image?url=%2F..%2F..%2F..%2FtestAsserts%2Fimg%2FBG554460.jpg&w=1080&q=75 1080w, /_next/image?url=%2F..%2F..%2F..%2FtestAsserts%2Fimg%2FBG554460.jpg&w=1200&q=75 1200w, /_next/image?url=%2F..%2F..%2F..%2FtestAsserts%2Fimg%2FBG554460.jpg&w=1920&q=75 1920w, /_next/image?url=%2F..%2F..%2F..%2FtestAsserts%2Fimg%2FBG554460.jpg&w=2048&q=75 2048w, /_next/image?url=%2F..%2F..%2F..%2FtestAsserts%2Fimg%2FBG554460.jpg&w=3840&q=75 3840w"
          style="position: absolute; height: 100%; width: 100%; left: 0px; top: 0px; right: 0px; bottom: 0px; color: transparent;"
        />
      </div>
    </div>
  </div>
  <div
    class="link__caption"
  >
    Имя Фамилия
  </div>
</a>
`;

exports[`SQUARECARD SNAPSHOTS TESTS static SquareCard should not be changed 1`] = `
<a
  class="link link_disabled"
  href=""
>
  <div
    class="link__content"
  >
    <div
      class="link__contentBlock"
    >
      <div
        class="link__contentRating false"
      >
        6.2
      </div>
    </div>
  </div>
  <div
    class="link__caption"
  >
    Рейтинг
  </div>
</a>
`;

exports[`SQUARECARD SNAPSHOTS TESTS staticGood SquareCard should not be changed 1`] = `
<a
  class="link link_disabled"
  href=""
>
  <div
    class="link__content"
  >
    <div
      class="link__contentBlock"
    >
      <div
        class="link__contentRating link__contentRating_high"
      >
        9.5
      </div>
    </div>
  </div>
  <div
    class="link__caption"
  >
    Рейтинг
  </div>
</a>
`;
