// Jest Snapshot v1, https://goo.gl/fbAQLP

exports[`MOVIEOPTIONS SNAPSHOTS TESTS MovieOptions should not be changed 1`] = `
<div
  class="container"
  role="div-options"
>
  <div
    class="container__block"
  >
    <div
      class="container__title"
    >
      Языки
    </div>
    <div
      class="container__value"
    >
      Русский, Английский
    </div>
  </div>
  <div
    class="container__block"
  >
    <div
      class="container__title"
    >
      Субтитры
    </div>
    <div
      class="container__value"
    >
      Русский
    </div>
  </div>
  <div
    class="container__block"
  >
    <div
      class="container__title container__title_full"
    >
      Изображение и звук.
      <span
        class="container__quality"
      >
        Фактическое качество зависит от устройства и ограничений правообладателя.
      </span>
    </div>
    <div
      class="container__title container__title_mobile"
    >
      Качество
    </div>
    <div
      class="container__badgesContainer"
    >
      <div
        class="container__badge"
      >
        <div
          class="textBadge"
        >
          FullHD
        </div>
      </div>
      <div
        class="container__badge"
      >
        <div
          class="textBadge"
        >
          HD
        </div>
      </div>
      <div
        class="container__badge"
      >
        <div
          class="textBadge"
        >
          1080
        </div>
      </div>
      <div
        class="container__badge"
      >
        <div
          class="textBadge"
        >
          720
        </div>
      </div>
    </div>
  </div>
</div>
`;
