// Jest Snapshot v1, https://goo.gl/fbAQLP

exports[`MOVIEOPTIONS SNAPSHOTS TESTS MovieOptions should not be changed 1`] = `
<div
  class="options"
  role="div-options"
>
  <div
    class="options__block"
  >
    <div
      class="options__blockTitle"
    >
      Языки
    </div>
    <div
      class="options__blockValue"
    >
      Русский, Английский
    </div>
  </div>
  <div
    class="options__block"
  >
    <div
      class="options__blockTitle"
    >
      Субтитры
    </div>
    <div
      class="options__blockValue"
    >
      Русский
    </div>
  </div>
  <div
    class="options__block"
  >
    <div
      class="options__blockTitle options__blockTitle_full"
    >
      Изображение и звук.
      <span>
        Фактическое качество зависит от устройства и ограничений правообладателя.
      </span>
    </div>
    <div
      class="options__blockTitle options__blockTitle_mobile"
    >
      Качество
    </div>
    <div
      class="options__badge"
    >
      <div
        class="options__badgeItem"
      >
        <div
          class="textBadge"
        >
          FullHD
        </div>
      </div>
      <div
        class="options__badgeItem"
      >
        <div
          class="textBadge"
        >
          HD
        </div>
      </div>
      <div
        class="options__badgeItem"
      >
        <div
          class="textBadge"
        >
          1080
        </div>
      </div>
      <div
        class="options__badgeItem"
      >
        <div
          class="textBadge"
        >
          720
        </div>
      </div>
    </div>
  </div>
</div>
`;
