// Jest Snapshot v1, https://goo.gl/fbAQLP

exports[`MOVIEOPTIONS SNAPSHOTS TESTS MovieOptions should not be changed 1`] = `
<div
  class="container"
  data-testid="options"
>
  <div
    class="container__block"
  >
    <div
      class="container__title"
    >
      languages
    </div>
    <div
      class="container__value"
    >
      langVariant
    </div>
  </div>
  <div
    class="container__block"
  >
    <div
      class="container__title"
    >
      subtitles
    </div>
    <div
      class="container__value"
    >
      subVariant
    </div>
  </div>
  <div
    class="container__block"
  >
    <div
      class="container__title container__title_full"
    >
      quality
      <span
        class="container__quality"
      >
         
        qualityDisclaimer
      </span>
    </div>
    <div
      class="container__title container__title_mobile"
    >
      qualityAdaptive
    </div>
    <div
      class="container__badgesContainer"
    >
      <div
        class="container__badge"
      >
        <div
          class="badge"
          data-testid="textBadge"
        >
          FullHD
        </div>
      </div>
      <div
        class="container__badge"
      >
        <div
          class="badge"
          data-testid="textBadge"
        >
          HD
        </div>
      </div>
      <div
        class="container__badge"
      >
        <div
          class="badge"
          data-testid="textBadge"
        >
          1080
        </div>
      </div>
      <div
        class="container__badge"
      >
        <div
          class="badge"
          data-testid="textBadge"
        >
          720
        </div>
      </div>
    </div>
  </div>
</div>
`;
