// Jest Snapshot v1, https://goo.gl/fbAQLP

exports[`MOVIERATING SNAPSHOTS TESTS MovieRating should not be changed 1`] = `
<button
  class="jsx-3045709936 button rating button"
>
  <div
    class="rating__value"
  >
    <div
      class="value value_medium value_high"
      role="div-text"
    >
      9.5
    </div>
  </div>
  <div
    class="rating__text"
  >
    <span>
      Рейтинг
    </span>
    <span>
      Интересный сюжет
    </span>
    <span>
      118 163 оценки
    </span>
  </div>
  <div
    class="rating__estimate"
  >
    Оценить
  </div>
</button>
`;
