// Jest Snapshot v1, https://goo.gl/fbAQLP

exports[`MOVIERATING SNAPSHOTS TESTS MovieRating should not be changed 1`] = `
<div
  class="container"
  data-testid="movieRating"
>
  <div
    class="container__value"
  >
    <div
      class="value value_medium value_high"
      data-testid="textSquare"
    >
      8.8
    </div>
  </div>
  <div
    class="container__textContainer"
  >
    <h2
      class="container__text container__text_rating"
    >
      movieRating
    </h2>
    <p
      class="container__text container__text_plot"
    >
      hightlights
    </p>
    <p
      class="container__text container__text_marks"
    >
      1 580 297 userRate.2
    </p>
  </div>
  <button
    class="button button_small container__estimate"
    type="button"
  >
    rate
  </button>
</div>
`;
