// Jest Snapshot v1, https://goo.gl/fbAQLP

exports[`MOVIERATING SNAPSHOTS TESTS MovieRating should not be changed 1`] = `
<button
  class="jsx-3203401595 button button_undefined button container"
>
  <div
    class="container__value"
  >
    <div
      class="value value_medium value_high"
      data-testid="div-text"
    >
      9.5
    </div>
  </div>
  <div
    class="container__textContainer"
  >
    <h2
      class="container__text container__text_rating"
    >
      Рейтинг
    </h2>
    <p
      class="container__text container__text_plot"
    >
      Интересный сюжет
    </p>
    <p
      class="container__text container__text_marks"
    >
      118 163 оценки
    </p>
  </div>
  <div
    class="container__estimate"
  >
    Оценить
  </div>
</button>
`;
